../Core/Src/pwm.h:18:7:start_pwm_m	1
../Core/Src/pwm.h:30:7:stop_pwm_m	1
../Core/Src/pwm.h:35:7:start_uart_timer	1
../Core/Src/pwm.h:45:7:start_int_timer	1
../Core/Src/pwm.h:56:7:stop_int_timer	1
../Core/Src/pwm.h:65:7:enable_triac_int	1
../Core/Src/pwm.h:69:7:disable_triac_int	1
../Core/Src/main.c:93:6:HAL_UART_RxCpltCallback	10
../Core/Src/main.c:186:6:HAL_TIM_PeriodElapsedCallback	6
../Core/Src/main.c:241:6:HAL_GPIO_EXTI_Callback	2
../Core/Src/main.c:259:5:main	2
../Core/Src/main.c:381:6:SystemClock_Config	3
../Core/Src/main.c:419:13:MX_TIM2_Init	7
../Core/Src/main.c:481:13:MX_TIM3_Init	6
../Core/Src/main.c:540:13:MX_TIM6_Init	3
../Core/Src/main.c:578:13:MX_TIM14_Init	5
../Core/Src/main.c:627:13:MX_USART2_UART_Init	2
../Core/Src/main.c:662:13:MX_GPIO_Init	1
../Core/Src/main.c:706:6:Error_Handler	1
