../Core/Src/pwm.h:18:7:start_pwm_m	16	static
../Core/Src/pwm.h:30:7:stop_pwm_m	8	static
../Core/Src/pwm.h:35:7:start_uart_timer	8	static
../Core/Src/pwm.h:45:7:start_int_timer	16	static
../Core/Src/pwm.h:56:7:stop_int_timer	16	static
../Core/Src/pwm.h:65:7:enable_triac_int	8	static
../Core/Src/pwm.h:69:7:disable_triac_int	8	static
../Core/Src/main.c:93:6:HAL_UART_RxCpltCallback	16	static
../Core/Src/main.c:186:6:HAL_TIM_PeriodElapsedCallback	24	static
../Core/Src/main.c:240:6:HAL_GPIO_EXTI_Callback	16	static
../Core/Src/main.c:258:5:main	8	static
../Core/Src/main.c:380:6:SystemClock_Config	80	static
../Core/Src/main.c:418:13:MX_TIM2_Init	64	static
../Core/Src/main.c:480:13:MX_TIM3_Init	64	static
../Core/Src/main.c:539:13:MX_TIM6_Init	16	static
../Core/Src/main.c:577:13:MX_TIM14_Init	40	static
../Core/Src/main.c:626:13:MX_USART2_UART_Init	8	static
../Core/Src/main.c:661:13:MX_GPIO_Init	48	static
../Core/Src/main.c:705:6:Error_Handler	8	static,ignoring_inline_asm
