../Core/Src/pwm.h:18:7:m_vurus_gonder	1
../Core/Src/pwm.h:29:7:stop_pwm_m	1
../Core/Src/pwm.h:34:7:start_uart_timer	1
../Core/Src/pwm.h:44:7:start_int_timer	1
../Core/Src/main.c:88:6:HAL_UART_RxCpltCallback	8
../Core/Src/main.c:161:6:HAL_TIM_PeriodElapsedCallback	6
../Core/Src/main.c:211:6:HAL_GPIO_EXTI_Callback	2
../Core/Src/main.c:228:5:main	1
../Core/Src/main.c:343:6:SystemClock_Config	3
../Core/Src/main.c:381:13:MX_TIM2_Init	7
../Core/Src/main.c:443:13:MX_TIM3_Init	6
../Core/Src/main.c:502:13:MX_TIM6_Init	3
../Core/Src/main.c:540:13:MX_TIM14_Init	5
../Core/Src/main.c:589:13:MX_USART2_UART_Init	2
../Core/Src/main.c:624:13:MX_GPIO_Init	1
../Core/Src/main.c:667:6:Error_Handler	1
