Archive member included to satisfy reference by file (symbol)

C:/ST/STM32CubeIDE_1.14.1/STM32CubeIDE/plugins/com.st.stm32cube.ide.mcu.externaltools.gnu-tools-for-stm32.12.3.rel1.win32_1.0.100.202403111256/tools/bin/../lib/gcc/arm-none-eabi/12.3.1/../../../../arm-none-eabi/lib/thumb/v6-m/nofp\libc_nano.a(libc_a-exit.o)
                              C:/ST/STM32CubeIDE_1.14.1/STM32CubeIDE/plugins/com.st.stm32cube.ide.mcu.externaltools.gnu-tools-for-stm32.12.3.rel1.win32_1.0.100.202403111256/tools/bin/../lib/gcc/arm-none-eabi/12.3.1/../../../../arm-none-eabi/lib/thumb/v6-m/nofp/crt0.o (exit)
C:/ST/STM32CubeIDE_1.14.1/STM32CubeIDE/plugins/com.st.stm32cube.ide.mcu.externaltools.gnu-tools-for-stm32.12.3.rel1.win32_1.0.100.202403111256/tools/bin/../lib/gcc/arm-none-eabi/12.3.1/../../../../arm-none-eabi/lib/thumb/v6-m/nofp\libc_nano.a(libc_a-findfp.o)
                              C:/ST/STM32CubeIDE_1.14.1/STM32CubeIDE/plugins/com.st.stm32cube.ide.mcu.externaltools.gnu-tools-for-stm32.12.3.rel1.win32_1.0.100.202403111256/tools/bin/../lib/gcc/arm-none-eabi/12.3.1/../../../../arm-none-eabi/lib/thumb/v6-m/nofp\libc_nano.a(libc_a-exit.o) (__stdio_exit_handler)
C:/ST/STM32CubeIDE_1.14.1/STM32CubeIDE/plugins/com.st.stm32cube.ide.mcu.externaltools.gnu-tools-for-stm32.12.3.rel1.win32_1.0.100.202403111256/tools/bin/../lib/gcc/arm-none-eabi/12.3.1/../../../../arm-none-eabi/lib/thumb/v6-m/nofp\libc_nano.a(libc_a-fwalk.o)
                              C:/ST/STM32CubeIDE_1.14.1/STM32CubeIDE/plugins/com.st.stm32cube.ide.mcu.externaltools.gnu-tools-for-stm32.12.3.rel1.win32_1.0.100.202403111256/tools/bin/../lib/gcc/arm-none-eabi/12.3.1/../../../../arm-none-eabi/lib/thumb/v6-m/nofp\libc_nano.a(libc_a-findfp.o) (_fwalk_sglue)
C:/ST/STM32CubeIDE_1.14.1/STM32CubeIDE/plugins/com.st.stm32cube.ide.mcu.externaltools.gnu-tools-for-stm32.12.3.rel1.win32_1.0.100.202403111256/tools/bin/../lib/gcc/arm-none-eabi/12.3.1/../../../../arm-none-eabi/lib/thumb/v6-m/nofp\libc_nano.a(libc_a-stdio.o)
                              C:/ST/STM32CubeIDE_1.14.1/STM32CubeIDE/plugins/com.st.stm32cube.ide.mcu.externaltools.gnu-tools-for-stm32.12.3.rel1.win32_1.0.100.202403111256/tools/bin/../lib/gcc/arm-none-eabi/12.3.1/../../../../arm-none-eabi/lib/thumb/v6-m/nofp\libc_nano.a(libc_a-findfp.o) (__sread)
C:/ST/STM32CubeIDE_1.14.1/STM32CubeIDE/plugins/com.st.stm32cube.ide.mcu.externaltools.gnu-tools-for-stm32.12.3.rel1.win32_1.0.100.202403111256/tools/bin/../lib/gcc/arm-none-eabi/12.3.1/../../../../arm-none-eabi/lib/thumb/v6-m/nofp\libc_nano.a(libc_a-memset.o)
                              C:/ST/STM32CubeIDE_1.14.1/STM32CubeIDE/plugins/com.st.stm32cube.ide.mcu.externaltools.gnu-tools-for-stm32.12.3.rel1.win32_1.0.100.202403111256/tools/bin/../lib/gcc/arm-none-eabi/12.3.1/../../../../arm-none-eabi/lib/thumb/v6-m/nofp/crt0.o (memset)
C:/ST/STM32CubeIDE_1.14.1/STM32CubeIDE/plugins/com.st.stm32cube.ide.mcu.externaltools.gnu-tools-for-stm32.12.3.rel1.win32_1.0.100.202403111256/tools/bin/../lib/gcc/arm-none-eabi/12.3.1/../../../../arm-none-eabi/lib/thumb/v6-m/nofp\libc_nano.a(libc_a-closer.o)
                              C:/ST/STM32CubeIDE_1.14.1/STM32CubeIDE/plugins/com.st.stm32cube.ide.mcu.externaltools.gnu-tools-for-stm32.12.3.rel1.win32_1.0.100.202403111256/tools/bin/../lib/gcc/arm-none-eabi/12.3.1/../../../../arm-none-eabi/lib/thumb/v6-m/nofp\libc_nano.a(libc_a-stdio.o) (_close_r)
C:/ST/STM32CubeIDE_1.14.1/STM32CubeIDE/plugins/com.st.stm32cube.ide.mcu.externaltools.gnu-tools-for-stm32.12.3.rel1.win32_1.0.100.202403111256/tools/bin/../lib/gcc/arm-none-eabi/12.3.1/../../../../arm-none-eabi/lib/thumb/v6-m/nofp\libc_nano.a(libc_a-reent.o)
                              C:/ST/STM32CubeIDE_1.14.1/STM32CubeIDE/plugins/com.st.stm32cube.ide.mcu.externaltools.gnu-tools-for-stm32.12.3.rel1.win32_1.0.100.202403111256/tools/bin/../lib/gcc/arm-none-eabi/12.3.1/../../../../arm-none-eabi/lib/thumb/v6-m/nofp\libc_nano.a(libc_a-closer.o) (errno)
C:/ST/STM32CubeIDE_1.14.1/STM32CubeIDE/plugins/com.st.stm32cube.ide.mcu.externaltools.gnu-tools-for-stm32.12.3.rel1.win32_1.0.100.202403111256/tools/bin/../lib/gcc/arm-none-eabi/12.3.1/../../../../arm-none-eabi/lib/thumb/v6-m/nofp\libc_nano.a(libc_a-impure.o)
                              C:/ST/STM32CubeIDE_1.14.1/STM32CubeIDE/plugins/com.st.stm32cube.ide.mcu.externaltools.gnu-tools-for-stm32.12.3.rel1.win32_1.0.100.202403111256/tools/bin/../lib/gcc/arm-none-eabi/12.3.1/../../../../arm-none-eabi/lib/thumb/v6-m/nofp\libc_nano.a(libc_a-reent.o) (_impure_ptr)
C:/ST/STM32CubeIDE_1.14.1/STM32CubeIDE/plugins/com.st.stm32cube.ide.mcu.externaltools.gnu-tools-for-stm32.12.3.rel1.win32_1.0.100.202403111256/tools/bin/../lib/gcc/arm-none-eabi/12.3.1/../../../../arm-none-eabi/lib/thumb/v6-m/nofp\libc_nano.a(libc_a-lseekr.o)
[...]
Memory Configuration

Name             Origin             Length             Attributes
RAM              0x20000000         0x00002000         xrw
FLASH            0x08000000         0x00010000         xr
*default*        0x00000000         0xffffffff

Linker script and memory map

LOAD C:/ST/STM32CubeIDE_1.14.1/STM32CubeIDE/plugins/com.st.stm32cube.ide.mcu.externaltools.gnu-tools-for-stm32.12.3.rel1.win32_1.0.100.202403111256/tools/bin/../lib/gcc/arm-none-eabi/12.3.1/thumb/v6-m/nofp/crti.o
LOAD C:/ST/STM32CubeIDE_1.14.1/STM32CubeIDE/plugins/com.st.stm32cube.ide.mcu.externaltools.gnu-tools-for-stm32.12.3.rel1.win32_1.0.100.202403111256/tools/bin/../lib/gcc/arm-none-eabi/12.3.1/thumb/v6-m/nofp/crtbegin.o
LOAD C:/ST/STM32CubeIDE_1.14.1/STM32CubeIDE/plugins/com.st.stm32cube.ide.mcu.externaltools.gnu-tools-for-stm32.12.3.rel1.win32_1.0.100.202403111256/tools/bin/../lib/gcc/arm-none-eabi/12.3.1/../../../../arm-none-eabi/lib/thumb/v6-m/nofp/crt0.o
LOAD ./Core/Src/main.o
LOAD ./Core/Src/stm32f0xx_hal_msp.o
LOAD ./Core/Src/stm32f0xx_it.o
LOAD ./Core/Src/syscalls.o
LOAD ./Core/Src/sysmem.o
LOAD ./Core/Src/system_stm32f0xx.o
LOAD ./Core/Startup/startup_stm32f051r8tx.o
LOAD ./Drivers/STM32F0xx_HAL_Driver/Src/stm32f0xx_hal.o
LOAD ./Drivers/STM32F0xx_HAL_Driver/Src/stm32f0xx_hal_cortex.o
LOAD ./Drivers/STM32F0xx_HAL_Driver/Src/stm32f0xx_hal_dma.o
LOAD ./Drivers/STM32F0xx_HAL_Driver/Src/stm32f0xx_hal_exti.o
LOAD ./Drivers/STM32F0xx_HAL_Driver/Src/stm32f0xx_hal_flash.o
LOAD ./Drivers/STM32F0xx_HAL_Driver/Src/stm32f0xx_hal_flash_ex.o
LOAD ./Drivers/STM32F0xx_HAL_Driver/Src/stm32f0xx_hal_gpio.o
LOAD ./Drivers/STM32F0xx_HAL_Driver/Src/stm32f0xx_hal_i2c.o
LOAD ./Drivers/STM32F0xx_HAL_Driver/Src/stm32f0xx_hal_i2c_ex.o
LOAD ./Drivers/STM32F0xx_HAL_Driver/Src/stm32f0xx_hal_pwr.o
LOAD ./Drivers/STM32F0xx_HAL_Driver/Src/stm32f0xx_hal_pwr_ex.o
LOAD ./Drivers/STM32F0xx_HAL_Driver/Src/stm32f0xx_hal_rcc.o
LOAD ./Drivers/STM32F0xx_HAL_Driver/Src/stm32f0xx_hal_rcc_ex.o
LOAD ./Drivers/STM32F0xx_HAL_Driver/Src/stm32f0xx_hal_tim.o
LOAD ./Drivers/STM32F0xx_HAL_Driver/Src/stm32f0xx_hal_tim_ex.o
LOAD ./Drivers/STM32F0xx_HAL_Driver/Src/stm32f0xx_hal_uart.o
LOAD ./Drivers/STM32F0xx_HAL_Driver/Src/stm32f0xx_hal_uart_ex.o
START GROUP
LOAD C:/ST/STM32CubeIDE_1.14.1/STM32CubeIDE/plugins/com.st.stm32cube.ide.mcu.externaltools.gnu-tools-for-stm32.12.3.rel1.win32_1.0.100.202403111256/tools/bin/../lib/gcc/arm-none-eabi/12.3.1/../../../../arm-none-eabi/lib/thumb/v6-m/nofp\libc_nano.a
LOAD C:/ST/STM32CubeIDE_1.14.1/STM32CubeIDE/plugins/com.st.stm32cube.ide.mcu.externaltools.gnu-tools-for-stm32.12.3.rel1.win32_1.0.100.202403111256/tools/bin/../lib/gcc/arm-none-eabi/12.3.1/../../../../arm-none-eabi/lib/thumb/v6-m/nofp\libm.a
END GROUP
START GROUP
LOAD C:/ST/STM32CubeIDE_1.14.1/STM32CubeIDE/plugins/com.st.stm32cube.ide.mcu.externaltools.gnu-tools-for-stm32.12.3.rel1.win32_1.0.100.202403111256/tools/bin/../lib/gcc/arm-none-eabi/12.3.1/thumb/v6-m/nofp\libgcc.a
LOAD C:/ST/STM32CubeIDE_1.14.1/STM32CubeIDE/plugins/com.st.stm32cube.ide.mcu.externaltools.gnu-tools-for-stm32.12.3.rel1.win32_1.0.100.202403111256/tools/bin/../lib/gcc/arm-none-eabi/12.3.1/../../../../arm-none-eabi/lib/thumb/v6-m/nofp\libc_nano.a
END GROUP
START GROUP
LOAD C:/ST/STM32CubeIDE_1.14.1/STM32CubeIDE/plugins/com.st.stm32cube.ide.mcu.externaltools.gnu-tools-for-stm32.12.3.rel1.win32_1.0.100.202403111256/tools/bin/../lib/gcc/arm-none-eabi/12.3.1/thumb/v6-m/nofp\libgcc.a
LOAD C:/ST/STM32CubeIDE_1.14.1/STM32CubeIDE/plugins/com.st.stm32cube.ide.mcu.externaltools.gnu-tools-for-stm32.12.3.rel1.win32_1.0.100.202403111256/tools/bin/../lib/gcc/arm-none-eabi/12.3.1/../../../../arm-none-eabi/lib/thumb/v6-m/nofp\libc_nano.a
LOAD C:/ST/STM32CubeIDE_1.14.1/STM32CubeIDE/plugins/com.st.stm32cube.ide.mcu.externaltools.gnu-tools-for-stm32.12.3.rel1.win32_1.0.100.202403111256/tools/bin/../lib/gcc/arm-none-eabi/12.3.1/../../../../arm-none-eabi/lib/thumb/v6-m/nofp\libnosys.a
END GROUP
START GROUP
LOAD C:/ST/STM32CubeIDE_1.14.1/STM32CubeIDE/plugins/com.st.stm32cube.ide.mcu.externaltools.gnu-tools-for-stm32.12.3.rel1.win32_1.0.100.202403111256/tools/bin/../lib/gcc/arm-none-eabi/12.3.1/thumb/v6-m/nofp\libgcc.a
LOAD C:/ST/STM32CubeIDE_1.14.1/STM32CubeIDE/plugins/com.st.stm32cube.ide.mcu.externaltools.gnu-tools-for-stm32.12.3.rel1.win32_1.0.100.202403111256/tools/bin/../lib/gcc/arm-none-eabi/12.3.1/../../../../arm-none-eabi/lib/thumb/v6-m/nofp\libc_nano.a
LOAD C:/ST/STM32CubeIDE_1.14.1/STM32CubeIDE/plugins/com.st.stm32cube.ide.mcu.externaltools.gnu-tools-for-stm32.12.3.rel1.win32_1.0.100.202403111256/tools/bin/../lib/gcc/arm-none-eabi/12.3.1/../../../../arm-none-eabi/lib/thumb/v6-m/nofp\libnosys.a
END GROUP
LOAD C:/ST/STM32CubeIDE_1.14.1/STM32CubeIDE/plugins/com.st.stm32cube.ide.mcu.externaltools.gnu-tools-for-stm32.12.3.rel1.win32_1.0.100.202403111256/tools/bin/../lib/gcc/arm-none-eabi/12.3.1/thumb/v6-m/nofp/crtend.o
LOAD C:/ST/STM32CubeIDE_1.14.1/STM32CubeIDE/plugins/com.st.stm32cube.ide.mcu.externaltools.gnu-tools-for-stm32.12.3.rel1.win32_1.0.100.202403111256/tools/bin/../lib/gcc/arm-none-eabi/12.3.1/thumb/v6-m/nofp/crtn.o
                0x20002000                        _estack = (ORIGIN (RAM) + LENGTH (RAM))
                0x00000200                        _Min_Heap_Size = 0x200
                0x00000400                        _Min_Stack_Size = 0x400

.isr_vector     0x08000000       0xc0
                0x08000000                        . = ALIGN (0x4)
 *(.isr_vector)
 .isr_vector    0x08000000       0xc0 ./Core/Startup/startup_stm32f051r8tx.o
                0x08000000                g_pfnVectors
                0x080000c0                        . = ALIGN (0x4)

.text           0x080000c0     0x4a38
                0x080000c0                        . = ALIGN (0x4)
 *(.text)
 .text          0x080000c0       0x48 C:/ST/STM32CubeIDE_1.14.1/STM32CubeIDE/plugins/com.st.stm32cube.ide.mcu.externaltools.gnu-tools-for-stm32.12.3.rel1.win32_1.0.100.202403111256/tools/bin/../lib/gcc/arm-none-eabi/12.3.1/thumb/v6-m/nofp/crtbegin.o
 .text          0x08000108      0x114 C:/ST/STM32CubeIDE_1.14.1/STM32CubeIDE/plugins/com.st.stm32cube.ide.mcu.externaltools.gnu-tools-for-stm32.12.3.rel1.win32_1.0.100.202403111256/tools/bin/../lib/gcc/arm-none-eabi/12.3.1/thumb/v6-m/nofp\libgcc.a(_udivsi3.o)
                0x08000108                __aeabi_uidiv
                0x08000108                __udivsi3
                0x08000214                __aeabi_uidivmod
 .text          0x0800021c        0x4 C:/ST/STM32CubeIDE_1.14.1/STM32CubeIDE/plugins/com.st.stm32cube.ide.mcu.externaltools.gnu-tools-for-stm32.12.3.rel1.win32_1.0.100.202403111256/tools/bin/../lib/gcc/arm-none-eabi/12.3.1/thumb/v6-m/nofp\libgcc.a(_dvmd_tls.o)
                0x0800021c                __aeabi_idiv0
                0x0800021c                __aeabi_ldiv0
 *(.text*)
 .text.start_pwm_m
                0x08000220       0x58 ./Core/Src/main.o
                0x08000220                start_pwm_m
 .text.stop_pwm_m
                0x08000278       0x18 ./Core/Src/main.o
                0x08000278                stop_pwm_m
 .text.start_uart_timer
                0x08000290       0x38 ./Core/Src/main.o
                0x08000290                start_uart_timer
 .text.start_int_timer
                0x080002c8       0x42 ./Core/Src/main.o
                0x080002c8                start_int_timer
 .text.enable_triac_int
                0x0800030a       0x10 ./Core/Src/main.o
                0x0800030a                enable_triac_int
 .text.disable_triac_int
                0x0800031a       0x10 ./Core/Src/main.o
                0x0800031a                disable_triac_int
 *fill*         0x0800032a        0x2 
 .text.HAL_UART_RxCpltCallback
                0x0800032c      0x200 ./Core/Src/main.o
                0x0800032c                HAL_UART_RxCpltCallback
 .text.HAL_TIM_PeriodElapsedCallback
                0x0800052c      0x174 ./Core/Src/main.o
                0x0800052c                HAL_TIM_PeriodElapsedCallback
 .text.HAL_GPIO_EXTI_Callback
                0x080006a0       0x50 ./Core/Src/main.o
                0x080006a0                HAL_GPIO_EXTI_Callback
 .text.main     0x080006f0      0x1b0 ./Core/Src/main.o
                0x080006f0                main
 .text.SystemClock_Config
                0x080008a0       0x90 ./Core/Src/main.o
                0x080008a0                SystemClock_Config
 .text.MX_TIM2_Init
                0x08000930      0x108 ./Core/Src/main.o
 .text.MX_TIM3_Init
                0x08000a38      0x104 ./Core/Src/main.o
 .text.MX_TIM6_Init
                0x08000b3c       0x78 ./Core/Src/main.o
 .text.MX_TIM14_Init
                0x08000bb4       0xb0 ./Core/Src/main.o
 .text.MX_USART2_UART_Init
                0x08000c64       0x60 ./Core/Src/main.o
 .text.MX_GPIO_Init
                0x08000cc4       0xe4 ./Core/Src/main.o
 .text.Error_Handler
                0x08000da8        0xc ./Core/Src/main.o
                0x08000da8                Error_Handler
 .text.HAL_MspInit
                0x08000db4       0x48 ./Core/Src/stm32f0xx_hal_msp.o
                0x08000db4                HAL_MspInit
 .text.HAL_TIM_Base_MspInit
                0x08000dfc       0xe4 ./Core/Src/stm32f0xx_hal_msp.o
                0x08000dfc                HAL_TIM_Base_MspInit
 .text.HAL_TIM_MspPostInit
                0x08000ee0       0x7c ./Core/Src/stm32f0xx_hal_msp.o
                0x08000ee0                HAL_TIM_MspPostInit
 .text.HAL_UART_MspInit
                0x08000f5c       0xa8 ./Core/Src/stm32f0xx_hal_msp.o
                0x08000f5c                HAL_UART_MspInit
 .text.HAL_UART_MspDeInit
                0x08001004       0x44 ./Core/Src/stm32f0xx_hal_msp.o
                0x08001004                HAL_UART_MspDeInit
 .text.NMI_Handler
                0x08001048        0x8 ./Core/Src/stm32f0xx_it.o
                0x08001048                NMI_Handler
 .text.HardFault_Handler
                0x08001050        0x8 ./Core/Src/stm32f0xx_it.o
                0x08001050                HardFault_Handler
 .text.SVC_Handler
                0x08001058        0xa ./Core/Src/stm32f0xx_it.o
                0x08001058                SVC_Handler
 .text.PendSV_Handler
                0x08001062        0xa ./Core/Src/stm32f0xx_it.o
                0x08001062                PendSV_Handler
 .text.SysTick_Handler
                0x0800106c        0xe ./Core/Src/stm32f0xx_it.o
                0x0800106c                SysTick_Handler
 .text.EXTI0_1_IRQHandler
                0x0800107a       0x10 ./Core/Src/stm32f0xx_it.o
                0x0800107a                EXTI0_1_IRQHandler
 *fill*         0x0800108a        0x2 
 .text.TIM2_IRQHandler
                0x0800108c       0x18 ./Core/Src/stm32f0xx_it.o
                0x0800108c                TIM2_IRQHandler
 .text.TIM6_DAC_IRQHandler
                0x080010a4       0x18 ./Core/Src/stm32f0xx_it.o
                0x080010a4                TIM6_DAC_IRQHandler
 .text.TIM14_IRQHandler
                0x080010bc       0x18 ./Core/Src/stm32f0xx_it.o
                0x080010bc                TIM14_IRQHandler
 .text.USART2_IRQHandler
                0x080010d4       0x18 ./Core/Src/stm32f0xx_it.o
                0x080010d4                USART2_IRQHandler
 .text.SystemInit
                0x080010ec        0xa ./Core/Src/system_stm32f0xx.o
                0x080010ec                SystemInit
 *fill*         0x080010f6        0x2 
 .text.Reset_Handler
                0x080010f8       0x50 ./Core/Startup/startup_stm32f051r8tx.o
                0x080010f8                Reset_Handler
 .text.Default_Handler
                0x08001148        0x2 ./Core/Startup/startup_stm32f051r8tx.o
                0x08001148                TIM1_CC_IRQHandler
                0x08001148                TSC_IRQHandler
                0x08001148                ADC1_COMP_IRQHandler
                0x08001148                PVD_IRQHandler
                0x08001148                I2C1_IRQHandler
                0x08001148                RCC_CRS_IRQHandler
                0x08001148                SPI1_IRQHandler
                0x08001148                EXTI2_3_IRQHandler
                0x08001148                I2C2_IRQHandler
                0x08001148                TIM17_IRQHandler
                0x08001148                CEC_CAN_IRQHandler
                0x08001148                RTC_IRQHandler
                0x08001148                TIM16_IRQHandler
                0x08001148                TIM3_IRQHandler
                0x08001148                EXTI4_15_IRQHandler
                0x08001148                DMA1_Channel1_IRQHandler
                0x08001148                Default_Handler
                0x08001148                DMA1_Channel4_5_IRQHandler
                0x08001148                TIM15_IRQHandler
                0x08001148                SPI2_IRQHandler
                0x08001148                WWDG_IRQHandler
                0x08001148                DMA1_Channel2_3_IRQHandler
                0x08001148                FLASH_IRQHandler
                0x08001148                USART1_IRQHandler
                0x08001148                TIM1_BRK_UP_TRG_COM_IRQHandler
 *fill*         0x0800114a        0x2 
 .text.HAL_Init
                0x0800114c       0x28 ./Drivers/STM32F0xx_HAL_Driver/Src/stm32f0xx_hal.o
                0x0800114c                HAL_Init
 .text.HAL_InitTick
                0x08001174       0x68 ./Drivers/STM32F0xx_HAL_Driver/Src/stm32f0xx_hal.o
                0x08001174                HAL_InitTick
 .text.HAL_IncTick
                0x080011dc       0x24 ./Drivers/STM32F0xx_HAL_Driver/Src/stm32f0xx_hal.o
                0x080011dc                HAL_IncTick
 .text.HAL_GetTick
                0x08001200       0x14 ./Drivers/STM32F0xx_HAL_Driver/Src/stm32f0xx_hal.o
                0x08001200                HAL_GetTick
 .text.__NVIC_EnableIRQ
                0x08001214       0x34 ./Drivers/STM32F0xx_HAL_Driver/Src/stm32f0xx_hal_cortex.o
 .text.__NVIC_DisableIRQ
                0x08001248       0x44 ./Drivers/STM32F0xx_HAL_Driver/Src/stm32f0xx_hal_cortex.o
 .text.__NVIC_SetPriority
                0x0800128c       0xdc ./Drivers/STM32F0xx_HAL_Driver/Src/stm32f0xx_hal_cortex.o
 .text.SysTick_Config
                0x08001368       0x48 ./Drivers/STM32F0xx_HAL_Driver/Src/stm32f0xx_hal_cortex.o
 .text.HAL_NVIC_SetPriority
                0x080013b0       0x2a ./Drivers/STM32F0xx_HAL_Driver/Src/stm32f0xx_hal_cortex.o
                0x080013b0                HAL_NVIC_SetPriority
 .text.HAL_NVIC_EnableIRQ
                0x080013da       0x20 ./Drivers/STM32F0xx_HAL_Driver/Src/stm32f0xx_hal_cortex.o
                0x080013da                HAL_NVIC_EnableIRQ
 .text.HAL_NVIC_DisableIRQ
                0x080013fa       0x20 ./Drivers/STM32F0xx_HAL_Driver/Src/stm32f0xx_hal_cortex.o
                0x080013fa                HAL_NVIC_DisableIRQ
 .text.HAL_SYSTICK_Config
                0x0800141a       0x1a ./Drivers/STM32F0xx_HAL_Driver/Src/stm32f0xx_hal_cortex.o
                0x0800141a                HAL_SYSTICK_Config
 .text.HAL_DMA_Abort
                0x08001434       0x70 ./Drivers/STM32F0xx_HAL_Driver/Src/stm32f0xx_hal_dma.o
                0x08001434                HAL_DMA_Abort
 .text.HAL_DMA_Abort_IT
                0x080014a4       0x8a ./Drivers/STM32F0xx_HAL_Driver/Src/stm32f0xx_hal_dma.o
                0x080014a4                HAL_DMA_Abort_IT
 *fill*         0x0800152e        0x2 
 .text.HAL_GPIO_Init
                0x08001530      0x2e0 ./Drivers/STM32F0xx_HAL_Driver/Src/stm32f0xx_hal_gpio.o
                0x08001530                HAL_GPIO_Init
 .text.HAL_GPIO_DeInit
                0x08001810      0x1a0 ./Drivers/STM32F0xx_HAL_Driver/Src/stm32f0xx_hal_gpio.o
                0x08001810                HAL_GPIO_DeInit
 .text.HAL_GPIO_WritePin
                0x080019b0       0x3a ./Drivers/STM32F0xx_HAL_Driver/Src/stm32f0xx_hal_gpio.o
                0x080019b0                HAL_GPIO_WritePin
 *fill*         0x080019ea        0x2 
 .text.HAL_GPIO_EXTI_IRQHandler
                0x080019ec       0x38 ./Drivers/STM32F0xx_HAL_Driver/Src/stm32f0xx_hal_gpio.o
                0x080019ec                HAL_GPIO_EXTI_IRQHandler
 .text.HAL_RCC_OscConfig
                0x08001a24      0x634 ./Drivers/STM32F0xx_HAL_Driver/Src/stm32f0xx_hal_rcc.o
                0x08001a24                HAL_RCC_OscConfig
 .text.HAL_RCC_ClockConfig
                0x08002058      0x19c ./Drivers/STM32F0xx_HAL_Driver/Src/stm32f0xx_hal_rcc.o
                0x08002058                HAL_RCC_ClockConfig
 .text.HAL_RCC_GetSysClockFreq
                0x080021f4       0xac ./Drivers/STM32F0xx_HAL_Driver/Src/stm32f0xx_hal_rcc.o
                0x080021f4                HAL_RCC_GetSysClockFreq
 .text.HAL_RCC_GetHCLKFreq
                0x080022a0       0x14 ./Drivers/STM32F0xx_HAL_Driver/Src/stm32f0xx_hal_rcc.o
                0x080022a0                HAL_RCC_GetHCLKFreq
 .text.HAL_RCC_GetPCLK1Freq
                0x080022b4       0x2c ./Drivers/STM32F0xx_HAL_Driver/Src/stm32f0xx_hal_rcc.o
                0x080022b4                HAL_RCC_GetPCLK1Freq
 .text.HAL_TIM_Base_Init
                0x080022e0       0xa0 ./Drivers/STM32F0xx_HAL_Driver/Src/stm32f0xx_hal_tim.o
                0x080022e0                HAL_TIM_Base_Init
 .text.HAL_TIM_Base_Start_IT
                0x08002380       0xa4 ./Drivers/STM32F0xx_HAL_Driver/Src/stm32f0xx_hal_tim.o
                0x08002380                HAL_TIM_Base_Start_IT
 .text.HAL_TIM_Base_Stop_IT
                0x08002424       0x5c ./Drivers/STM32F0xx_HAL_Driver/Src/stm32f0xx_hal_tim.o
                0x08002424                HAL_TIM_Base_Stop_IT
 .text.HAL_TIM_PWM_Init
                0x08002480       0xa0 ./Drivers/STM32F0xx_HAL_Driver/Src/stm32f0xx_hal_tim.o
                0x08002480                HAL_TIM_PWM_Init
 .text.HAL_TIM_PWM_MspInit
                0x08002520       0x10 ./Drivers/STM32F0xx_HAL_Driver/Src/stm32f0xx_hal_tim.o
                0x08002520                HAL_TIM_PWM_MspInit
 .text.HAL_TIM_PWM_Start
                0x08002530      0x170 ./Drivers/STM32F0xx_HAL_Driver/Src/stm32f0xx_hal_tim.o
                0x08002530                HAL_TIM_PWM_Start
 .text.HAL_TIM_PWM_Stop
                0x080026a0       0xf8 ./Drivers/STM32F0xx_HAL_Driver/Src/stm32f0xx_hal_tim.o
                0x080026a0                HAL_TIM_PWM_Stop
 .text.HAL_TIM_OnePulse_Init
                0x08002798       0xa2 ./Drivers/STM32F0xx_HAL_Driver/Src/stm32f0xx_hal_tim.o
                0x08002798                HAL_TIM_OnePulse_Init
 .text.HAL_TIM_OnePulse_MspInit
                0x0800283a       0x10 ./Drivers/STM32F0xx_HAL_Driver/Src/stm32f0xx_hal_tim.o
                0x0800283a                HAL_TIM_OnePulse_MspInit
 .text.HAL_TIM_IRQHandler
                0x0800284a      0x22c ./Drivers/STM32F0xx_HAL_Driver/Src/stm32f0xx_hal_tim.o
                0x0800284a                HAL_TIM_IRQHandler
 *fill*         0x08002a76        0x2 
 .text.HAL_TIM_PWM_ConfigChannel
                0x08002a78      0x18c ./Drivers/STM32F0xx_HAL_Driver/Src/stm32f0xx_hal_tim.o
                0x08002a78                HAL_TIM_PWM_ConfigChannel
 .text.HAL_TIM_ConfigClockSource
                0x08002c04      0x1a8 ./Drivers/STM32F0xx_HAL_Driver/Src/stm32f0xx_hal_tim.o
                0x08002c04                HAL_TIM_ConfigClockSource
 .text.HAL_TIM_OC_DelayElapsedCallback
                0x08002dac       0x10 ./Drivers/STM32F0xx_HAL_Driver/Src/stm32f0xx_hal_tim.o
                0x08002dac                HAL_TIM_OC_DelayElapsedCallback
 .text.HAL_TIM_IC_CaptureCallback
                0x08002dbc       0x10 ./Drivers/STM32F0xx_HAL_Driver/Src/stm32f0xx_hal_tim.o
                0x08002dbc                HAL_TIM_IC_CaptureCallback
 .text.HAL_TIM_PWM_PulseFinishedCallback
                0x08002dcc       0x10 ./Drivers/STM32F0xx_HAL_Driver/Src/stm32f0xx_hal_tim.o
                0x08002dcc                HAL_TIM_PWM_PulseFinishedCallback
 .text.HAL_TIM_TriggerCallback
                0x08002ddc       0x10 ./Drivers/STM32F0xx_HAL_Driver/Src/stm32f0xx_hal_tim.o
                0x08002ddc                HAL_TIM_TriggerCallback
 .text.TIM_Base_SetConfig
                0x08002dec      0x100 ./Drivers/STM32F0xx_HAL_Driver/Src/stm32f0xx_hal_tim.o
                0x08002dec                TIM_Base_SetConfig
 .text.TIM_OC1_SetConfig
                0x08002eec      0x110 ./Drivers/STM32F0xx_HAL_Driver/Src/stm32f0xx_hal_tim.o
 .text.TIM_OC2_SetConfig
                0x08002ffc      0x108 ./Drivers/STM32F0xx_HAL_Driver/Src/stm32f0xx_hal_tim.o
                0x08002ffc                TIM_OC2_SetConfig
 .text.TIM_OC3_SetConfig
                0x08003104      0x10c ./Drivers/STM32F0xx_HAL_Driver/Src/stm32f0xx_hal_tim.o
 .text.TIM_OC4_SetConfig
                0x08003210       0xd4 ./Drivers/STM32F0xx_HAL_Driver/Src/stm32f0xx_hal_tim.o
 .text.TIM_TI1_ConfigInputStage
                0x080032e4       0x5c ./Drivers/STM32F0xx_HAL_Driver/Src/stm32f0xx_hal_tim.o
 .text.TIM_TI2_ConfigInputStage
                0x08003340       0x64 ./Drivers/STM32F0xx_HAL_Driver/Src/stm32f0xx_hal_tim.o
 .text.TIM_ITRx_SetConfig
                0x080033a4       0x32 ./Drivers/STM32F0xx_HAL_Driver/Src/stm32f0xx_hal_tim.o
 *fill*         0x080033d6        0x2 
 .text.TIM_ETR_SetConfig
                0x080033d8       0x40 ./Drivers/STM32F0xx_HAL_Driver/Src/stm32f0xx_hal_tim.o
                0x080033d8                TIM_ETR_SetConfig
 .text.TIM_CCxChannelCmd
                0x08003418       0x46 ./Drivers/STM32F0xx_HAL_Driver/Src/stm32f0xx_hal_tim.o
                0x08003418                TIM_CCxChannelCmd
 *fill*         0x0800345e        0x2 
 .text.HAL_TIMEx_MasterConfigSynchronization
                0x08003460       0xbc ./Drivers/STM32F0xx_HAL_Driver/Src/stm32f0xx_hal_tim_ex.o
                0x08003460                HAL_TIMEx_MasterConfigSynchronization
 .text.HAL_TIMEx_CommutCallback
                0x0800351c       0x10 ./Drivers/STM32F0xx_HAL_Driver/Src/stm32f0xx_hal_tim_ex.o
                0x0800351c                HAL_TIMEx_CommutCallback
 .text.HAL_TIMEx_BreakCallback
                0x0800352c       0x10 ./Drivers/STM32F0xx_HAL_Driver/Src/stm32f0xx_hal_tim_ex.o
                0x0800352c                HAL_TIMEx_BreakCallback
 .text.HAL_UART_Init
                0x0800353c       0xa8 ./Drivers/STM32F0xx_HAL_Driver/Src/stm32f0xx_hal_uart.o
                0x0800353c                HAL_UART_Init
 .text.HAL_UART_DeInit
                0x080035e4       0x7c ./Drivers/STM32F0xx_HAL_Driver/Src/stm32f0xx_hal_uart.o
                0x080035e4                HAL_UART_DeInit
 .text.HAL_UART_Transmit
                0x08003660      0x13e ./Drivers/STM32F0xx_HAL_Driver/Src/stm32f0xx_hal_uart.o
                0x08003660                HAL_UART_Transmit
 .text.HAL_UART_Receive_IT
                0x0800379e       0xae ./Drivers/STM32F0xx_HAL_Driver/Src/stm32f0xx_hal_uart.o
                0x0800379e                HAL_UART_Receive_IT
 .text.HAL_UART_IRQHandler
                0x0800384c      0x5c0 ./Drivers/STM32F0xx_HAL_Driver/Src/stm32f0xx_hal_uart.o
                0x0800384c                HAL_UART_IRQHandler
 .text.HAL_UART_TxCpltCallback
                0x08003e0c       0x10 ./Drivers/STM32F0xx_HAL_Driver/Src/stm32f0xx_hal_uart.o
                0x08003e0c                HAL_UART_TxCpltCallback
 .text.HAL_UART_ErrorCallback
                0x08003e1c       0x10 ./Drivers/STM32F0xx_HAL_Driver/Src/stm32f0xx_hal_uart.o
                0x08003e1c                HAL_UART_ErrorCallback
 .text.HAL_UARTEx_RxEventCallback
                0x08003e2c       0x16 ./Drivers/STM32F0xx_HAL_Driver/Src/stm32f0xx_hal_uart.o
                0x08003e2c                HAL_UARTEx_RxEventCallback
 *fill*         0x08003e42        0x2 
 .text.UART_SetConfig
                0x08003e44      0x280 ./Drivers/STM32F0xx_HAL_Driver/Src/stm32f0xx_hal_uart.o
                0x08003e44                UART_SetConfig
 .text.UART_AdvFeatureConfig
                0x080040c4      0x168 ./Drivers/STM32F0xx_HAL_Driver/Src/stm32f0xx_hal_uart.o
                0x080040c4                UART_AdvFeatureConfig
 .text.UART_CheckIdleState
                0x0800422c      0x150 ./Drivers/STM32F0xx_HAL_Driver/Src/stm32f0xx_hal_uart.o
                0x0800422c                UART_CheckIdleState
 .text.UART_WaitOnFlagUntilTimeout
                0x0800437c       0xd2 ./Drivers/STM32F0xx_HAL_Driver/Src/stm32f0xx_hal_uart.o
                0x0800437c                UART_WaitOnFlagUntilTimeout
 *fill*         0x0800444e        0x2 
 .text.UART_Start_Receive_IT
                0x08004450      0x16c ./Drivers/STM32F0xx_HAL_Driver/Src/stm32f0xx_hal_uart.o
                0x08004450                UART_Start_Receive_IT
 .text.UART_EndRxTransfer
                0x080045bc       0xc8 ./Drivers/STM32F0xx_HAL_Driver/Src/stm32f0xx_hal_uart.o
 .text.UART_DMAAbortOnError
                0x08004684       0x2e ./Drivers/STM32F0xx_HAL_Driver/Src/stm32f0xx_hal_uart.o
 .text.UART_EndTransmit_IT
                0x080046b2       0x56 ./Drivers/STM32F0xx_HAL_Driver/Src/stm32f0xx_hal_uart.o
 .text.UART_RxISR_8BIT
                0x08004708      0x1b8 ./Drivers/STM32F0xx_HAL_Driver/Src/stm32f0xx_hal_uart.o
 .text.UART_RxISR_16BIT
                0x080048c0      0x1b8 ./Drivers/STM32F0xx_HAL_Driver/Src/stm32f0xx_hal_uart.o
 .text.HAL_UARTEx_WakeupCallback
                0x08004a78       0x10 ./Drivers/STM32F0xx_HAL_Driver/Src/stm32f0xx_hal_uart_ex.o
                0x08004a78                HAL_UARTEx_WakeupCallback
 .text.memset   0x08004a88       0x10 C:/ST/STM32CubeIDE_1.14.1/STM32CubeIDE/plugins/com.st.stm32cube.ide.mcu.externaltools.gnu-tools-for-stm32.12.3.rel1.win32_1.0.100.202403111256/tools/bin/../lib/gcc/arm-none-eabi/12.3.1/../../../../arm-none-eabi/lib/thumb/v6-m/nofp\libc_nano.a(libc_a-memset.o)
                0x08004a88                memset
 .text.__libc_init_array
                0x08004a98       0x48 C:/ST/STM32CubeIDE_1.14.1/STM32CubeIDE/plugins/com.st.stm32cube.ide.mcu.externaltools.gnu-tools-for-stm32.12.3.rel1.win32_1.0.100.202403111256/tools/bin/../lib/gcc/arm-none-eabi/12.3.1/../../../../arm-none-eabi/lib/thumb/v6-m/nofp\libc_nano.a(libc_a-init.o)
                0x08004a98                __libc_init_array
 *(.glue_7)
 .glue_7        0x08004ae0        0x0 linker stubs
 *(.glue_7t)
 .glue_7t       0x08004ae0        0x0 linker stubs
 *(.eh_frame)
 .eh_frame      0x08004ae0        0x0 C:/ST/STM32CubeIDE_1.14.1/STM32CubeIDE/plugins/com.st.stm32cube.ide.mcu.externaltools.gnu-tools-for-stm32.12.3.rel1.win32_1.0.100.202403111256/tools/bin/../lib/gcc/arm-none-eabi/12.3.1/thumb/v6-m/nofp/crtbegin.o
 *(.init)
 .init          0x08004ae0        0x4 C:/ST/STM32CubeIDE_1.14.1/STM32CubeIDE/plugins/com.st.stm32cube.ide.mcu.externaltools.gnu-tools-for-stm32.12.3.rel1.win32_1.0.100.202403111256/tools/bin/../lib/gcc/arm-none-eabi/12.3.1/thumb/v6-m/nofp/crti.o
                0x08004ae0                _init
 .init          0x08004ae4        0x8 C:/ST/STM32CubeIDE_1.14.1/STM32CubeIDE/plugins/com.st.stm32cube.ide.mcu.externaltools.gnu-tools-for-stm32.12.3.rel1.win32_1.0.100.202403111256/tools/bin/../lib/gcc/arm-none-eabi/12.3.1/thumb/v6-m/nofp/crtn.o
 *(.fini)
 .fini          0x08004aec        0x4 C:/ST/STM32CubeIDE_1.14.1/STM32CubeIDE/plugins/com.st.stm32cube.ide.mcu.externaltools.gnu-tools-for-stm32.12.3.rel1.win32_1.0.100.202403111256/tools/bin/../lib/gcc/arm-none-eabi/12.3.1/thumb/v6-m/nofp/crti.o
                0x08004aec                _fini
 .fini          0x08004af0        0x8 C:/ST/STM32CubeIDE_1.14.1/STM32CubeIDE/plugins/com.st.stm32cube.ide.mcu.externaltools.gnu-tools-for-stm32.12.3.rel1.win32_1.0.100.202403111256/tools/bin/../lib/gcc/arm-none-eabi/12.3.1/thumb/v6-m/nofp/crtn.o
                0x08004af8                        . = ALIGN (0x4)
                0x08004af8                        _etext = .

.vfp11_veneer   0x08004af8        0x0
 .vfp11_veneer  0x08004af8        0x0 linker stubs

.v4_bx          0x08004af8        0x0
 .v4_bx         0x08004af8        0x0 linker stubs

.iplt           0x08004af8        0x0
 .iplt          0x08004af8        0x0 C:/ST/STM32CubeIDE_1.14.1/STM32CubeIDE/plugins/com.st.stm32cube.ide.mcu.externaltools.gnu-tools-for-stm32.12.3.rel1.win32_1.0.100.202403111256/tools/bin/../lib/gcc/arm-none-eabi/12.3.1/thumb/v6-m/nofp/crtbegin.o

.rodata         0x08004af8       0x38
                0x08004af8                        . = ALIGN (0x4)
 *(.rodata)
 *(.rodata*)
 .rodata.AHBPrescTable
                0x08004af8       0x10 ./Core/Src/system_stm32f0xx.o
                0x08004af8                AHBPrescTable
 .rodata.APBPrescTable
                0x08004b08        0x8 ./Core/Src/system_stm32f0xx.o
                0x08004b08                APBPrescTable
 .rodata.aPLLMULFactorTable.1
                0x08004b10       0x10 ./Drivers/STM32F0xx_HAL_Driver/Src/stm32f0xx_hal_rcc.o
 .rodata.aPredivFactorTable.0
                0x08004b20       0x10 ./Drivers/STM32F0xx_HAL_Driver/Src/stm32f0xx_hal_rcc.o
                0x08004b30                        . = ALIGN (0x4)

.ARM.extab      0x08004b30        0x0
                0x08004b30                        . = ALIGN (0x4)
 *(.ARM.extab* .gnu.linkonce.armextab.*)
                0x08004b30                        . = ALIGN (0x4)

.ARM            0x08004b30        0x0
                0x08004b30                        . = ALIGN (0x4)
                0x08004b30                        __exidx_start = .
 *(.ARM.exidx*)
                0x08004b30                        __exidx_end = .
                0x08004b30                        . = ALIGN (0x4)

.preinit_array  0x08004b30        0x0
                0x08004b30                        . = ALIGN (0x4)
                0x08004b30                        PROVIDE (__preinit_array_start = .)
 *(.preinit_array*)
                0x08004b30                        PROVIDE (__preinit_array_end = .)
                0x08004b30                        . = ALIGN (0x4)

.init_array     0x08004b30        0x4
                0x08004b30                        . = ALIGN (0x4)
                0x08004b30                        PROVIDE (__init_array_start = .)
 *(SORT_BY_NAME(.init_array.*))
 *(.init_array*)
 .init_array    0x08004b30        0x4 C:/ST/STM32CubeIDE_1.14.1/STM32CubeIDE/plugins/com.st.stm32cube.ide.mcu.externaltools.gnu-tools-for-stm32.12.3.rel1.win32_1.0.100.202403111256/tools/bin/../lib/gcc/arm-none-eabi/12.3.1/thumb/v6-m/nofp/crtbegin.o
                0x08004b34                        PROVIDE (__init_array_end = .)
                0x08004b34                        . = ALIGN (0x4)

.fini_array     0x08004b34        0x4
                0x08004b34                        . = ALIGN (0x4)
                [!provide]                        PROVIDE (__fini_array_start = .)
 *(SORT_BY_NAME(.fini_array.*))
 *(.fini_array*)
 .fini_array    0x08004b34        0x4 C:/ST/STM32CubeIDE_1.14.1/STM32CubeIDE/plugins/com.st.stm32cube.ide.mcu.externaltools.gnu-tools-for-stm32.12.3.rel1.win32_1.0.100.202403111256/tools/bin/../lib/gcc/arm-none-eabi/12.3.1/thumb/v6-m/nofp/crtbegin.o
                [!provide]                        PROVIDE (__fini_array_end = .)
                0x08004b38                        . = ALIGN (0x4)
                0x08004b38                        _sidata = LOADADDR (.data)

.rel.dyn        0x08004b38        0x0
 .rel.iplt      0x08004b38        0x0 C:/ST/STM32CubeIDE_1.14.1/STM32CubeIDE/plugins/com.st.stm32cube.ide.mcu.externaltools.gnu-tools-for-stm32.12.3.rel1.win32_1.0.100.202403111256/tools/bin/../lib/gcc/arm-none-eabi/12.3.1/thumb/v6-m/nofp/crtbegin.o

.data           0x20000000       0x24 load address 0x08004b38
                0x20000000                        . = ALIGN (0x4)
                0x20000000                        _sdata = .
 *(.data)
 *(.data*)
 .data.HeaderOrData
                0x20000000        0x1 ./Core/Src/main.o
                0x20000000                HeaderOrData
 *fill*         0x20000001        0x3 
 .data.Versiyon_Cevap
                0x20000004        0x8 ./Core/Src/main.o
                0x20000004                Versiyon_Cevap
 .data.OK_NOK_Cevap
                0x2000000c        0x8 ./Core/Src/main.o
                0x2000000c                OK_NOK_Cevap
 .data.on_or_off_time
                0x20000014        0x1 ./Core/Src/main.o
                0x20000014                on_or_off_time
 *fill*         0x20000015        0x3 
 .data.SystemCoreClock
                0x20000018        0x4 ./Core/Src/system_stm32f0xx.o
                0x20000018                SystemCoreClock
 .data.uwTickPrio
                0x2000001c        0x4 ./Drivers/STM32F0xx_HAL_Driver/Src/stm32f0xx_hal.o
                0x2000001c                uwTickPrio
 .data.uwTickFreq
                0x20000020        0x1 ./Drivers/STM32F0xx_HAL_Driver/Src/stm32f0xx_hal.o
                0x20000020                uwTickFreq
 *(.RamFunc)
 *(.RamFunc*)
                0x20000024                        . = ALIGN (0x4)
 *fill*         0x20000021        0x3 
                0x20000024                        _edata = .

.igot.plt       0x20000024        0x0 load address 0x08004b5c
 .igot.plt      0x20000024        0x0 C:/ST/STM32CubeIDE_1.14.1/STM32CubeIDE/plugins/com.st.stm32cube.ide.mcu.externaltools.gnu-tools-for-stm32.12.3.rel1.win32_1.0.100.202403111256/tools/bin/../lib/gcc/arm-none-eabi/12.3.1/thumb/v6-m/nofp/crtbegin.o

.myCustomSection
                0x0800f000      0x800
                0x0800f000                        . = ALIGN (0x4)
 *(.myCustomSection*)
 .myCustomSection
                0x0800f000      0x800 ./Core/Src/main.o
                0x0800f000                test_data
                0x0800f800                        . = ALIGN (0x4)
                0x0800f800                        . = ALIGN (0x4)

.bss            0x20000024      0xa74
                0x20000024                        _sbss = .
                0x20000024                        __bss_start__ = _sbss
 *(.bss)
 .bss           0x20000024       0x1c C:/ST/STM32CubeIDE_1.14.1/STM32CubeIDE/plugins/com.st.stm32cube.ide.mcu.externaltools.gnu-tools-for-stm32.12.3.rel1.win32_1.0.100.202403111256/tools/bin/../lib/gcc/arm-none-eabi/12.3.1/thumb/v6-m/nofp/crtbegin.o
 *(.bss*)
 .bss.Veri_Matrisi
                0x20000040       0xa0 ./Core/Src/main.o
                0x20000040                Veri_Matrisi
 .bss.Aktif_Indeks
                0x200000e0        0x1 ./Core/Src/main.o
                0x200000e0                Aktif_Indeks
 *fill*         0x200000e1        0x3 
 .bss.htim2     0x200000e4       0x48 ./Core/Src/main.o
                0x200000e4                htim2
 .bss.htim3     0x2000012c       0x48 ./Core/Src/main.o
                0x2000012c                htim3
 .bss.htim6     0x20000174       0x48 ./Core/Src/main.o
                0x20000174                htim6
 .bss.htim14    0x200001bc       0x48 ./Core/Src/main.o
                0x200001bc                htim14
 .bss.huart2    0x20000204       0x88 ./Core/Src/main.o
                0x20000204                huart2
 .bss.rx_Buffer
                0x2000028c      0x800 ./Core/Src/main.o
                0x2000028c                rx_Buffer
 .bss.Mesaj_id  0x20000a8c        0x4 ./Core/Src/main.o
                0x20000a8c                Mesaj_id
 .bss.Mesaj_boyu
                0x20000a90        0x4 ./Core/Src/main.o
                0x20000a90                Mesaj_boyu
 .bss.uwTick    0x20000a94        0x4 ./Drivers/STM32F0xx_HAL_Driver/Src/stm32f0xx_hal.o
                0x20000a94                uwTick
 *(COMMON)
                0x20000a98                        . = ALIGN (0x4)
                0x20000a98                        _ebss = .
                0x20000a98                        __bss_end__ = _ebss

._user_heap_stack
                0x20000a98      0x600
                0x20000a98                        . = ALIGN (0x8)
                [!provide]                        PROVIDE (end = .)
                0x20000a98                        PROVIDE (_end = .)
                0x20000c98                        . = (. + _Min_Heap_Size)
 *fill*         0x20000a98      0x200 
                0x20001098                        . = (. + _Min_Stack_Size)
 *fill*         0x20000c98      0x400 
                0x20001098                        . = ALIGN (0x8)

/DISCARD/
 libc.a(*)
 libm.a(*)
 libgcc.a(*)

.ARM.attributes
                0x00000000       0x28
 *(.ARM.attributes)
 .ARM.attributes
                0x00000000       0x1e C:/ST/STM32CubeIDE_1.14.1/STM32CubeIDE/plugins/com.st.stm32cube.ide.mcu.externaltools.gnu-tools-for-stm32.12.3.rel1.win32_1.0.100.202403111256/tools/bin/../lib/gcc/arm-none-eabi/12.3.1/thumb/v6-m/nofp/crti.o
 .ARM.attributes
                0x0000001e       0x2c C:/ST/STM32CubeIDE_1.14.1/STM32CubeIDE/plugins/com.st.stm32cube.ide.mcu.externaltools.gnu-tools-for-stm32.12.3.rel1.win32_1.0.100.202403111256/tools/bin/../lib/gcc/arm-none-eabi/12.3.1/thumb/v6-m/nofp/crtbegin.o
 .ARM.attributes
                0x0000004a       0x2c ./Core/Src/main.o
 .ARM.attributes
                0x00000076       0x2c ./Core/Src/stm32f0xx_hal_msp.o
 .ARM.attributes
                0x000000a2       0x2c ./Core/Src/stm32f0xx_it.o
 .ARM.attributes
                0x000000ce       0x2c ./Core/Src/system_stm32f0xx.o
 .ARM.attributes
                0x000000fa       0x21 ./Core/Startup/startup_stm32f051r8tx.o
 .ARM.attributes
                0x0000011b       0x2c ./Drivers/STM32F0xx_HAL_Driver/Src/stm32f0xx_hal.o
 .ARM.attributes
                0x00000147       0x2c ./Drivers/STM32F0xx_HAL_Driver/Src/stm32f0xx_hal_cortex.o
 .ARM.attributes
                0x00000173       0x2c ./Drivers/STM32F0xx_HAL_Driver/Src/stm32f0xx_hal_dma.o
 .ARM.attributes
                0x0000019f       0x2c ./Drivers/STM32F0xx_HAL_Driver/Src/stm32f0xx_hal_gpio.o
 .ARM.attributes
                0x000001cb       0x2c ./Drivers/STM32F0xx_HAL_Driver/Src/stm32f0xx_hal_rcc.o
 .ARM.attributes
                0x000001f7       0x2c ./Drivers/STM32F0xx_HAL_Driver/Src/stm32f0xx_hal_tim.o
 .ARM.attributes
                0x00000223       0x2c ./Drivers/STM32F0xx_HAL_Driver/Src/stm32f0xx_hal_tim_ex.o
 .ARM.attributes
                0x0000024f       0x2c ./Drivers/STM32F0xx_HAL_Driver/Src/stm32f0xx_hal_uart.o
 .ARM.attributes
                0x0000027b       0x2c ./Drivers/STM32F0xx_HAL_Driver/Src/stm32f0xx_hal_uart_ex.o
 .ARM.attributes
                0x000002a7       0x2c C:/ST/STM32CubeIDE_1.14.1/STM32CubeIDE/plugins/com.st.stm32cube.ide.mcu.externaltools.gnu-tools-for-stm32.12.3.rel1.win32_1.0.100.202403111256/tools/bin/../lib/gcc/arm-none-eabi/12.3.1/../../../../arm-none-eabi/lib/thumb/v6-m/nofp\libc_nano.a(libc_a-memset.o)
 .ARM.attributes
                0x000002d3       0x2c C:/ST/STM32CubeIDE_1.14.1/STM32CubeIDE/plugins/com.st.stm32cube.ide.mcu.externaltools.gnu-tools-for-stm32.12.3.rel1.win32_1.0.100.202403111256/tools/bin/../lib/gcc/arm-none-eabi/12.3.1/../../../../arm-none-eabi/lib/thumb/v6-m/nofp\libc_nano.a(libc_a-init.o)
 .ARM.attributes
                0x000002ff       0x1e C:/ST/STM32CubeIDE_1.14.1/STM32CubeIDE/plugins/com.st.stm32cube.ide.mcu.externaltools.gnu-tools-for-stm32.12.3.rel1.win32_1.0.100.202403111256/tools/bin/../lib/gcc/arm-none-eabi/12.3.1/thumb/v6-m/nofp\libgcc.a(_udivsi3.o)
 .ARM.attributes
                0x0000031d       0x1e C:/ST/STM32CubeIDE_1.14.1/STM32CubeIDE/plugins/com.st.stm32cube.ide.mcu.externaltools.gnu-tools-for-stm32.12.3.rel1.win32_1.0.100.202403111256/tools/bin/../lib/gcc/arm-none-eabi/12.3.1/thumb/v6-m/nofp\libgcc.a(_dvmd_tls.o)
 .ARM.attributes
                0x0000033b       0x1e C:/ST/STM32CubeIDE_1.14.1/STM32CubeIDE/plugins/com.st.stm32cube.ide.mcu.externaltools.gnu-tools-for-stm32.12.3.rel1.win32_1.0.100.202403111256/tools/bin/../lib/gcc/arm-none-eabi/12.3.1/thumb/v6-m/nofp/crtn.o
OUTPUT(PWM_TEST.elf elf32-littlearm)
LOAD linker stubs
LOAD C:/ST/STM32CubeIDE_1.14.1/STM32CubeIDE/plugins/com.st.stm32cube.ide.mcu.externaltools.gnu-tools-for-stm32.12.3.rel1.win32_1.0.100.202403111256/tools/bin/../lib/gcc/arm-none-eabi/12.3.1/../../../../arm-none-eabi/lib/thumb/v6-m/nofp\libc.a
LOAD C:/ST/STM32CubeIDE_1.14.1/STM32CubeIDE/plugins/com.st.stm32cube.ide.mcu.externaltools.gnu-tools-for-stm32.12.3.rel1.win32_1.0.100.202403111256/tools/bin/../lib/gcc/arm-none-eabi/12.3.1/../../../../arm-none-eabi/lib/thumb/v6-m/nofp\libm.a
LOAD C:/ST/STM32CubeIDE_1.14.1/STM32CubeIDE/plugins/com.st.stm32cube.ide.mcu.externaltools.gnu-tools-for-stm32.12.3.rel1.win32_1.0.100.202403111256/tools/bin/../lib/gcc/arm-none-eabi/12.3.1/thumb/v6-m/nofp\libgcc.a

.debug_info     0x00000000     0xd84b
 .debug_info    0x00000000     0x1626 ./Core/Src/main.o
 .debug_info    0x00001626      0xe4d ./Core/Src/stm32f0xx_hal_msp.o
 .debug_info    0x00002473      0xa55 ./Core/Src/stm32f0xx_it.o
 .debug_info    0x00002ec8      0x242 ./Core/Src/system_stm32f0xx.o
 .debug_info    0x0000310a       0x30 ./Core/Startup/startup_stm32f051r8tx.o
 .debug_info    0x0000313a      0x6a9 ./Drivers/STM32F0xx_HAL_Driver/Src/stm32f0xx_hal.o
 .debug_info    0x000037e3      0x6b3 ./Drivers/STM32F0xx_HAL_Driver/Src/stm32f0xx_hal_cortex.o
 .debug_info    0x00003e96      0x700 ./Drivers/STM32F0xx_HAL_Driver/Src/stm32f0xx_hal_dma.o
 .debug_info    0x00004596      0x5b4 ./Drivers/STM32F0xx_HAL_Driver/Src/stm32f0xx_hal_gpio.o
 .debug_info    0x00004b4a      0x833 ./Drivers/STM32F0xx_HAL_Driver/Src/stm32f0xx_hal_rcc.o
 .debug_info    0x0000537d     0x2928 ./Drivers/STM32F0xx_HAL_Driver/Src/stm32f0xx_hal_tim.o
 .debug_info    0x00007ca5     0x1488 ./Drivers/STM32F0xx_HAL_Driver/Src/stm32f0xx_hal_tim_ex.o
 .debug_info    0x0000912d     0x3a9e ./Drivers/STM32F0xx_HAL_Driver/Src/stm32f0xx_hal_uart.o
 .debug_info    0x0000cbcb      0xc80 ./Drivers/STM32F0xx_HAL_Driver/Src/stm32f0xx_hal_uart_ex.o

.debug_abbrev   0x00000000     0x1e1a
 .debug_abbrev  0x00000000      0x349 ./Core/Src/main.o
 .debug_abbrev  0x00000349      0x20b ./Core/Src/stm32f0xx_hal_msp.o
 .debug_abbrev  0x00000554      0x1af ./Core/Src/stm32f0xx_it.o
 .debug_abbrev  0x00000703      0x11c ./Core/Src/system_stm32f0xx.o
 .debug_abbrev  0x0000081f       0x24 ./Core/Startup/startup_stm32f051r8tx.o
 .debug_abbrev  0x00000843      0x247 ./Drivers/STM32F0xx_HAL_Driver/Src/stm32f0xx_hal.o
 .debug_abbrev  0x00000a8a      0x28c ./Drivers/STM32F0xx_HAL_Driver/Src/stm32f0xx_hal_cortex.o
 .debug_abbrev  0x00000d16      0x1ef ./Drivers/STM32F0xx_HAL_Driver/Src/stm32f0xx_hal_dma.o
 .debug_abbrev  0x00000f05      0x1ca ./Drivers/STM32F0xx_HAL_Driver/Src/stm32f0xx_hal_gpio.o
 .debug_abbrev  0x000010cf      0x28c ./Drivers/STM32F0xx_HAL_Driver/Src/stm32f0xx_hal_rcc.o
 .debug_abbrev  0x0000135b      0x28c ./Drivers/STM32F0xx_HAL_Driver/Src/stm32f0xx_hal_tim.o
 .debug_abbrev  0x000015e7      0x297 ./Drivers/STM32F0xx_HAL_Driver/Src/stm32f0xx_hal_tim_ex.o
 .debug_abbrev  0x0000187e      0x2e1 ./Drivers/STM32F0xx_HAL_Driver/Src/stm32f0xx_hal_uart.o
 .debug_abbrev  0x00001b5f      0x2bb ./Drivers/STM32F0xx_HAL_Driver/Src/stm32f0xx_hal_uart_ex.o

.debug_aranges  0x00000000      0xc68
 .debug_aranges
                0x00000000       0xa8 ./Core/Src/main.o
 .debug_aranges
                0x000000a8       0x48 ./Core/Src/stm32f0xx_hal_msp.o
 .debug_aranges
                0x000000f0       0x68 ./Core/Src/stm32f0xx_it.o
 .debug_aranges
                0x00000158       0x28 ./Core/Src/system_stm32f0xx.o
 .debug_aranges
                0x00000180       0x28 ./Core/Startup/startup_stm32f051r8tx.o
 .debug_aranges
                0x000001a8       0xd0 ./Drivers/STM32F0xx_HAL_Driver/Src/stm32f0xx_hal.o
 .debug_aranges
                0x00000278       0xc0 ./Drivers/STM32F0xx_HAL_Driver/Src/stm32f0xx_hal_cortex.o
 .debug_aranges
                0x00000338       0x88 ./Drivers/STM32F0xx_HAL_Driver/Src/stm32f0xx_hal_dma.o
 .debug_aranges
                0x000003c0       0x58 ./Drivers/STM32F0xx_HAL_Driver/Src/stm32f0xx_hal_gpio.o
 .debug_aranges
                0x00000418       0x80 ./Drivers/STM32F0xx_HAL_Driver/Src/stm32f0xx_hal_rcc.o
 .debug_aranges
                0x00000498      0x3d0 ./Drivers/STM32F0xx_HAL_Driver/Src/stm32f0xx_hal_tim.o
 .debug_aranges
                0x00000868      0x168 ./Drivers/STM32F0xx_HAL_Driver/Src/stm32f0xx_hal_tim_ex.o
 .debug_aranges
                0x000009d0      0x228 ./Drivers/STM32F0xx_HAL_Driver/Src/stm32f0xx_hal_uart.o
 .debug_aranges
                0x00000bf8       0x70 ./Drivers/STM32F0xx_HAL_Driver/Src/stm32f0xx_hal_uart_ex.o

.debug_rnglists
                0x00000000      0x9ce
 .debug_rnglists
                0x00000000       0x81 ./Core/Src/main.o
 .debug_rnglists
                0x00000081       0x34 ./Core/Src/stm32f0xx_hal_msp.o
 .debug_rnglists
                0x000000b5       0x49 ./Core/Src/stm32f0xx_it.o
 .debug_rnglists
                0x000000fe       0x1a ./Core/Src/system_stm32f0xx.o
 .debug_rnglists
                0x00000118       0x19 ./Core/Startup/startup_stm32f051r8tx.o
 .debug_rnglists
                0x00000131       0x97 ./Drivers/STM32F0xx_HAL_Driver/Src/stm32f0xx_hal.o
 .debug_rnglists
                0x000001c8       0x8c ./Drivers/STM32F0xx_HAL_Driver/Src/stm32f0xx_hal_cortex.o
 .debug_rnglists
                0x00000254       0x6a ./Drivers/STM32F0xx_HAL_Driver/Src/stm32f0xx_hal_dma.o
 .debug_rnglists
                0x000002be       0x3f ./Drivers/STM32F0xx_HAL_Driver/Src/stm32f0xx_hal_gpio.o
 .debug_rnglists
                0x000002fd       0x60 ./Drivers/STM32F0xx_HAL_Driver/Src/stm32f0xx_hal_rcc.o
 .debug_rnglists
                0x0000035d      0x31c ./Drivers/STM32F0xx_HAL_Driver/Src/stm32f0xx_hal_tim.o
 .debug_rnglists
                0x00000679      0x126 ./Drivers/STM32F0xx_HAL_Driver/Src/stm32f0xx_hal_tim_ex.o
 .debug_rnglists
                0x0000079f      0x1db ./Drivers/STM32F0xx_HAL_Driver/Src/stm32f0xx_hal_uart.o
 .debug_rnglists
                0x0000097a       0x54 ./Drivers/STM32F0xx_HAL_Driver/Src/stm32f0xx_hal_uart_ex.o

.debug_macro    0x00000000    0x1256e
 .debug_macro   0x00000000      0x2ed ./Core/Src/main.o
 .debug_macro   0x000002ed      0xa8a ./Core/Src/main.o
 .debug_macro   0x00000d77      0x133 ./Core/Src/main.o
 .debug_macro   0x00000eaa       0x2e ./Core/Src/main.o
 .debug_macro   0x00000ed8       0x22 ./Core/Src/main.o
 .debug_macro   0x00000efa       0x22 ./Core/Src/main.o
 .debug_macro   0x00000f1c       0x8e ./Core/Src/main.o
 .debug_macro   0x00000faa       0x51 ./Core/Src/main.o
 .debug_macro   0x00000ffb      0x103 ./Core/Src/main.o
 .debug_macro   0x000010fe       0x6a ./Core/Src/main.o
 .debug_macro   0x00001168      0x1df ./Core/Src/main.o
 .debug_macro   0x00001347       0x1c ./Core/Src/main.o
 .debug_macro   0x00001363       0x22 ./Core/Src/main.o
 .debug_macro   0x00001385       0xaf ./Core/Src/main.o
 .debug_macro   0x00001434      0x391 ./Core/Src/main.o
 .debug_macro   0x000017c5     0x8d00 ./Core/Src/main.o
 .debug_macro   0x0000a4c5       0x66 ./Core/Src/main.o
 .debug_macro   0x0000a52b     0x34be ./Core/Src/main.o
 .debug_macro   0x0000d9e9      0x189 ./Core/Src/main.o
 .debug_macro   0x0000db72       0x55 ./Core/Src/main.o
 .debug_macro   0x0000dbc7      0x924 ./Core/Src/main.o
 .debug_macro   0x0000e4eb      0x251 ./Core/Src/main.o
 .debug_macro   0x0000e73c      0x1ae ./Core/Src/main.o
 .debug_macro   0x0000e8ea      0x114 ./Core/Src/main.o
 .debug_macro   0x0000e9fe      0x1a0 ./Core/Src/main.o
 .debug_macro   0x0000eb9e      0x1ed ./Core/Src/main.o
 .debug_macro   0x0000ed8b       0x34 ./Core/Src/main.o
 .debug_macro   0x0000edbf       0x43 ./Core/Src/main.o
 .debug_macro   0x0000ee02       0x28 ./Core/Src/main.o
 .debug_macro   0x0000ee2a       0xb0 ./Core/Src/main.o
 .debug_macro   0x0000eeda      0x199 ./Core/Src/main.o
 .debug_macro   0x0000f073      0x22c ./Core/Src/main.o
 .debug_macro   0x0000f29f       0x61 ./Core/Src/main.o
 .debug_macro   0x0000f300       0xa5 ./Core/Src/main.o
 .debug_macro   0x0000f3a5       0x4c ./Core/Src/main.o
 .debug_macro   0x0000f3f1      0x112 ./Core/Src/main.o
 .debug_macro   0x0000f503      0x8f4 ./Core/Src/main.o
 .debug_macro   0x0000fdf7       0x28 ./Core/Src/main.o
 .debug_macro   0x0000fe1f      0x5ba ./Core/Src/main.o
 .debug_macro   0x000103d9       0x3e ./Core/Src/main.o
 .debug_macro   0x00010417      0x114 ./Core/Src/main.o
 .debug_macro   0x0001052b       0x22 ./Core/Src/main.o
 .debug_macro   0x0001054d       0x61 ./Core/Src/main.o
 .debug_macro   0x000105ae       0x24 ./Core/Src/main.o
 .debug_macro   0x000105d2       0x43 ./Core/Src/main.o
 .debug_macro   0x00010615       0x34 ./Core/Src/main.o
 .debug_macro   0x00010649       0x16 ./Core/Src/main.o
 .debug_macro   0x0001065f       0x35 ./Core/Src/main.o
 .debug_macro   0x00010694      0x369 ./Core/Src/main.o
 .debug_macro   0x000109fd       0x10 ./Core/Src/main.o
 .debug_macro   0x00010a0d       0x16 ./Core/Src/main.o
 .debug_macro   0x00010a23       0x43 ./Core/Src/main.o
 .debug_macro   0x00010a66       0x34 ./Core/Src/main.o
 .debug_macro   0x00010a9a       0x10 ./Core/Src/main.o
 .debug_macro   0x00010aaa       0x58 ./Core/Src/main.o
 .debug_macro   0x00010b02       0x8e ./Core/Src/main.o
 .debug_macro   0x00010b90       0x1c ./Core/Src/main.o
 .debug_macro   0x00010bac      0x177 ./Core/Src/main.o
 .debug_macro   0x00010d23       0x16 ./Core/Src/main.o
 .debug_macro   0x00010d39       0x16 ./Core/Src/main.o
 .debug_macro   0x00010d4f      0x146 ./Core/Src/main.o
 .debug_macro   0x00010e95       0x16 ./Core/Src/main.o
 .debug_macro   0x00010eab       0x20 ./Core/Src/main.o
 .debug_macro   0x00010ecb      0x2d9 ./Core/Src/stm32f0xx_hal_msp.o
 .debug_macro   0x000111a4      0x1db ./Core/Src/stm32f0xx_it.o
 .debug_macro   0x0001137f      0x1c2 ./Core/Src/system_stm32f0xx.o
 .debug_macro   0x00011541      0x1e6 ./Drivers/STM32F0xx_HAL_Driver/Src/stm32f0xx_hal.o
 .debug_macro   0x00011727      0x1c2 ./Drivers/STM32F0xx_HAL_Driver/Src/stm32f0xx_hal_cortex.o
 .debug_macro   0x000118e9      0x1c2 ./Drivers/STM32F0xx_HAL_Driver/Src/stm32f0xx_hal_dma.o
 .debug_macro   0x00011aab      0x1c9 ./Drivers/STM32F0xx_HAL_Driver/Src/stm32f0xx_hal_gpio.o
 .debug_macro   0x00011c74      0x1d4 ./Drivers/STM32F0xx_HAL_Driver/Src/stm32f0xx_hal_rcc.o
 .debug_macro   0x00011e48      0x1c3 ./Drivers/STM32F0xx_HAL_Driver/Src/stm32f0xx_hal_tim.o
 .debug_macro   0x0001200b      0x1c2 ./Drivers/STM32F0xx_HAL_Driver/Src/stm32f0xx_hal_tim_ex.o
 .debug_macro   0x000121cd      0x1df ./Drivers/STM32F0xx_HAL_Driver/Src/stm32f0xx_hal_uart.o
 .debug_macro   0x000123ac      0x1c2 ./Drivers/STM32F0xx_HAL_Driver/Src/stm32f0xx_hal_uart_ex.o

.debug_line     0x00000000     0xed61
 .debug_line    0x00000000      0xe53 ./Core/Src/main.o
 .debug_line    0x00000e53      0xa10 ./Core/Src/stm32f0xx_hal_msp.o
 .debug_line    0x00001863      0x847 ./Core/Src/stm32f0xx_it.o
 .debug_line    0x000020aa      0x7da ./Core/Src/system_stm32f0xx.o
 .debug_line    0x00002884       0x7b ./Core/Startup/startup_stm32f051r8tx.o
 .debug_line    0x000028ff      0x9e5 ./Drivers/STM32F0xx_HAL_Driver/Src/stm32f0xx_hal.o
 .debug_line    0x000032e4      0xa91 ./Drivers/STM32F0xx_HAL_Driver/Src/stm32f0xx_hal_cortex.o
 .debug_line    0x00003d75      0xd09 ./Drivers/STM32F0xx_HAL_Driver/Src/stm32f0xx_hal_dma.o
 .debug_line    0x00004a7e      0xb7e ./Drivers/STM32F0xx_HAL_Driver/Src/stm32f0xx_hal_gpio.o
 .debug_line    0x000055fc      0xdca ./Drivers/STM32F0xx_HAL_Driver/Src/stm32f0xx_hal_rcc.o
 .debug_line    0x000063c6     0x37a9 ./Drivers/STM32F0xx_HAL_Driver/Src/stm32f0xx_hal_tim.o
 .debug_line    0x00009b6f     0x1992 ./Drivers/STM32F0xx_HAL_Driver/Src/stm32f0xx_hal_tim_ex.o
 .debug_line    0x0000b501     0x2c7e ./Drivers/STM32F0xx_HAL_Driver/Src/stm32f0xx_hal_uart.o
 .debug_line    0x0000e17f      0xbe2 ./Drivers/STM32F0xx_HAL_Driver/Src/stm32f0xx_hal_uart_ex.o

.debug_str      0x00000000    0x70e4f
 .debug_str     0x00000000    0x6e699 ./Core/Src/main.o
                              0x6eac5 (size before relaxing)
 .debug_str     0x0006e699       0x96 ./Core/Src/stm32f0xx_hal_msp.o
                              0x6e4c5 (size before relaxing)
 .debug_str     0x0006e72f      0x108 ./Core/Src/stm32f0xx_it.o
                              0x6ab1a (size before relaxing)
 .debug_str     0x0006e837       0x8b ./Core/Src/system_stm32f0xx.o
                              0x6a30b (size before relaxing)
 .debug_str     0x0006e8c2       0x44 ./Core/Startup/startup_stm32f051r8tx.o
                                 0x7b (size before relaxing)
 .debug_str     0x0006e906      0x384 ./Drivers/STM32F0xx_HAL_Driver/Src/stm32f0xx_hal.o
                              0x6a8d1 (size before relaxing)
 .debug_str     0x0006ec8a      0x197 ./Drivers/STM32F0xx_HAL_Driver/Src/stm32f0xx_hal_cortex.o
                              0x6a6c2 (size before relaxing)
 .debug_str     0x0006ee21      0x248 ./Drivers/STM32F0xx_HAL_Driver/Src/stm32f0xx_hal_dma.o
                              0x6a6b1 (size before relaxing)
 .debug_str     0x0006f069       0xbd ./Drivers/STM32F0xx_HAL_Driver/Src/stm32f0xx_hal_gpio.o
                              0x6a4ac (size before relaxing)
 .debug_str     0x0006f126      0x205 ./Drivers/STM32F0xx_HAL_Driver/Src/stm32f0xx_hal_rcc.o
                              0x6a747 (size before relaxing)
 .debug_str     0x0006f32b      0xcc7 ./Drivers/STM32F0xx_HAL_Driver/Src/stm32f0xx_hal_tim.o
                              0x6b711 (size before relaxing)
 .debug_str     0x0006fff2      0x493 ./Drivers/STM32F0xx_HAL_Driver/Src/stm32f0xx_hal_tim_ex.o
                              0x6af2d (size before relaxing)
 .debug_str     0x00070485      0x812 ./Drivers/STM32F0xx_HAL_Driver/Src/stm32f0xx_hal_uart.o
                              0x6b06f (size before relaxing)
 .debug_str     0x00070c97      0x1b8 ./Drivers/STM32F0xx_HAL_Driver/Src/stm32f0xx_hal_uart_ex.o
                              0x6a9a0 (size before relaxing)

.comment        0x00000000       0x43
 .comment       0x00000000       0x43 ./Core/Src/main.o
                                 0x44 (size before relaxing)
 .comment       0x00000043       0x44 ./Core/Src/stm32f0xx_hal_msp.o
 .comment       0x00000043       0x44 ./Core/Src/stm32f0xx_it.o
 .comment       0x00000043       0x44 ./Core/Src/system_stm32f0xx.o
 .comment       0x00000043       0x44 ./Drivers/STM32F0xx_HAL_Driver/Src/stm32f0xx_hal.o
 .comment       0x00000043       0x44 ./Drivers/STM32F0xx_HAL_Driver/Src/stm32f0xx_hal_cortex.o
 .comment       0x00000043       0x44 ./Drivers/STM32F0xx_HAL_Driver/Src/stm32f0xx_hal_dma.o
 .comment       0x00000043       0x44 ./Drivers/STM32F0xx_HAL_Driver/Src/stm32f0xx_hal_gpio.o
 .comment       0x00000043       0x44 ./Drivers/STM32F0xx_HAL_Driver/Src/stm32f0xx_hal_rcc.o
 .comment       0x00000043       0x44 ./Drivers/STM32F0xx_HAL_Driver/Src/stm32f0xx_hal_tim.o
 .comment       0x00000043       0x44 ./Drivers/STM32F0xx_HAL_Driver/Src/stm32f0xx_hal_tim_ex.o
 .comment       0x00000043       0x44 ./Drivers/STM32F0xx_HAL_Driver/Src/stm32f0xx_hal_uart.o
 .comment       0x00000043       0x44 ./Drivers/STM32F0xx_HAL_Driver/Src/stm32f0xx_hal_uart_ex.o

.debug_frame    0x00000000     0x2cc8
 .debug_frame   0x00000000      0x234 ./Core/Src/main.o
 .debug_frame   0x00000234       0xd0 ./Core/Src/stm32f0xx_hal_msp.o
 .debug_frame   0x00000304      0x128 ./Core/Src/stm32f0xx_it.o
 .debug_frame   0x0000042c       0x4c ./Core/Src/system_stm32f0xx.o
 .debug_frame   0x00000478      0x2a4 ./Drivers/STM32F0xx_HAL_Driver/Src/stm32f0xx_hal.o
 .debug_frame   0x0000071c      0x2a0 ./Drivers/STM32F0xx_HAL_Driver/Src/stm32f0xx_hal_cortex.o
 .debug_frame   0x000009bc      0x1d0 ./Drivers/STM32F0xx_HAL_Driver/Src/stm32f0xx_hal_dma.o
 .debug_frame   0x00000b8c      0x110 ./Drivers/STM32F0xx_HAL_Driver/Src/stm32f0xx_hal_gpio.o
 .debug_frame   0x00000c9c      0x198 ./Drivers/STM32F0xx_HAL_Driver/Src/stm32f0xx_hal_rcc.o
 .debug_frame   0x00000e34      0xf00 ./Drivers/STM32F0xx_HAL_Driver/Src/stm32f0xx_hal_tim.o
 .debug_frame   0x00001d34      0x560 ./Drivers/STM32F0xx_HAL_Driver/Src/stm32f0xx_hal_tim_ex.o
 .debug_frame   0x00002294      0x850 ./Drivers/STM32F0xx_HAL_Driver/Src/stm32f0xx_hal_uart.o
 .debug_frame   0x00002ae4      0x178 ./Drivers/STM32F0xx_HAL_Driver/Src/stm32f0xx_hal_uart_ex.o
 .debug_frame   0x00002c5c       0x20 C:/ST/STM32CubeIDE_1.14.1/STM32CubeIDE/plugins/com.st.stm32cube.ide.mcu.externaltools.gnu-tools-for-stm32.12.3.rel1.win32_1.0.100.202403111256/tools/bin/../lib/gcc/arm-none-eabi/12.3.1/../../../../arm-none-eabi/lib/thumb/v6-m/nofp\libc_nano.a(libc_a-memset.o)
 .debug_frame   0x00002c7c       0x2c C:/ST/STM32CubeIDE_1.14.1/STM32CubeIDE/plugins/com.st.stm32cube.ide.mcu.externaltools.gnu-tools-for-stm32.12.3.rel1.win32_1.0.100.202403111256/tools/bin/../lib/gcc/arm-none-eabi/12.3.1/../../../../arm-none-eabi/lib/thumb/v6-m/nofp\libc_nano.a(libc_a-init.o)
 .debug_frame   0x00002ca8       0x20 C:/ST/STM32CubeIDE_1.14.1/STM32CubeIDE/plugins/com.st.stm32cube.ide.mcu.externaltools.gnu-tools-for-stm32.12.3.rel1.win32_1.0.100.202403111256/tools/bin/../lib/gcc/arm-none-eabi/12.3.1/thumb/v6-m/nofp\libgcc.a(_udivsi3.o)

.debug_line_str
                0x00000000       0x5f
 .debug_line_str
                0x00000000       0x5f ./Core/Startup/startup_stm32f051r8tx.o
